---
source: src/tags/param.rs
expression: value
---
name: coffee
desc: ~
lua_type: tasty
source: coffee tasty
