---
source: src/tags/kind.rs
expression: "KindTag::parse(Span::dummy(\"hey there\"), KindTagType::Function)"
---
Ok:
  name: hey there
  kind_type: Function
