---
source: src/tags/param.rs
expression: value
---
Err:
  text: Param type is required
  start: 0
  len: 31
  file_id: 0
  additional_diagnostics: []
