---
source: src/tags/param.rs
expression: value
---
name: COOL_NAME
desc: HEY! This is a sweet description
lua_type: foo
