---
source: src/tags/marker.rs
expression: "MarkerTag::parse(MarkerTagType::Unreleased)"
---
Ok: unreleased
