---
source: src/tags/within.rs
expression: "WithinTag::try_from(Span::dummy(\"\"))"
---
Err:
  text: This tag has stuff after it
  start: 0
  len: 0
  file_id: 0
  additional_diagnostics: []
